// Jest Snapshot v1, https://goo.gl/fbAQLP

exports[`ParserService should properly renders blog 1`] = `"CO2 emissions on the web | Danny van Kooten"`;

exports[`ParserService should properly renders devto 1`] = `"A beginner’s journey into software development in Nigeria. - DEV Community"`;

exports[`ParserService should properly renders twitter 1`] = `
"Андрей Ситник в Твиттере: «Для разработчиков npm-пакетов, которые хотят выпускать двойные ESM/CommonJS модули, я сделал  инструмент dual-publish.

https://t.co/1Iha0Fy50S

Он учитывает все особенности как ESM в сборщиках, так и в ESM в Node.js и в браузерах.… https://t.co/XUd6fSs0AQ»"
`;

exports[`ParserService should properly renders yandex 1`] = `"Эрдоган и Путин обсудят ситуацию в Идлибе: Яндекс.Новости"`;
